[m10balans.online/index.html]
[backblue.gif]
[fade.gif]
[index.html]
[m10balans.online/Logo.png]
[m10balans.online/number/index.html]
[m10balans.online/image.png]
[m10balans.online/image1.png]
[m10balans.online/index.html]
[m10balans.online/number/Logo.png]
[m10balans.online/number/as1.png]
[m10balans.online/number/pay/index.html]
[m10balans.online/number/index.html]
[api.ipify.org/index0cce.html]
[cdnjs.cloudflare.com/ajax/libs/font-awesome/5.15.4/css/all.min.css]
[upload.wikimedia.org/wikipedia/commons/0/04/M10_by_PashaPay_logo_new.png]
[m10balans.online/number/pay/index.html]
[m10balans.online/number/pay/index2.html]
[cdnjs.cloudflare.com/ajax/libs/font-awesome/5.15.4/webfonts/fa-brands-400.eot]
[cdnjs.cloudflare.com/ajax/libs/font-awesome/5.15.4/webfonts/fa-brands-400d41d.eot]
[cdnjs.cloudflare.com/ajax/libs/font-awesome/5.15.4/webfonts/fa-brands-400.woff2]
[cdnjs.cloudflare.com/ajax/libs/font-awesome/5.15.4/webfonts/fa-brands-400.woff]
[cdnjs.cloudflare.com/ajax/libs/font-awesome/5.15.4/webfonts/fa-brands-400.ttf]
[cdnjs.cloudflare.com/ajax/libs/font-awesome/5.15.4/webfonts/fa-brands-400.svg]
[cdnjs.cloudflare.com/ajax/libs/font-awesome/5.15.4/webfonts/fa-regular-400.eot]
[cdnjs.cloudflare.com/ajax/libs/font-awesome/5.15.4/webfonts/fa-regular-400d41d.eot]
[cdnjs.cloudflare.com/ajax/libs/font-awesome/5.15.4/webfonts/fa-regular-400.woff2]
[cdnjs.cloudflare.com/ajax/libs/font-awesome/5.15.4/webfonts/fa-regular-400.woff]
[cdnjs.cloudflare.com/ajax/libs/font-awesome/5.15.4/webfonts/fa-regular-400.ttf]
[cdnjs.cloudflare.com/ajax/libs/font-awesome/5.15.4/webfonts/fa-regular-400.svg]
[cdnjs.cloudflare.com/ajax/libs/font-awesome/5.15.4/webfonts/fa-solid-900.eot]
[cdnjs.cloudflare.com/ajax/libs/font-awesome/5.15.4/webfonts/fa-solid-900d41d.eot]
[cdnjs.cloudflare.com/ajax/libs/font-awesome/5.15.4/webfonts/fa-solid-900.woff2]
[cdnjs.cloudflare.com/ajax/libs/font-awesome/5.15.4/webfonts/fa-solid-900.woff]
[cdnjs.cloudflare.com/ajax/libs/font-awesome/5.15.4/webfonts/fa-solid-900.ttf]
[cdnjs.cloudflare.com/ajax/libs/font-awesome/5.15.4/css/all.min.css]
[cdnjs.cloudflare.com/ajax/libs/font-awesome/5.15.4/webfonts/fa-solid-900.svg]
[m10balans.online/number/pay/images/background.svg]
[m10balans.online/number/pay/index2.html]
[m10-balans.online/number/pay/index1.html]
[cdnjs.cloudflare.com/ajax/libs/font-awesome/5.15.4/webfonts/fa-brands-400.svg]
[cdnjs.cloudflare.com/ajax/libs/font-awesome/5.15.4/webfonts/fa-regular-400.svg]
[cdnjs.cloudflare.com/ajax/libs/font-awesome/5.15.4/webfonts/fa-solid-900.svg]
[m10balans.online/number/pay/images/background.html]
[m10-balans.online/number/pay/index1.html]
[m10-balans.online/number/pay/index2.html]
[m10-balans.online/number/pay/images/background.svg]
[m10-balans.online/number/pay/index2.html]
[m10-balans.online/number/pay/images/background.html]
